root@orvd-sorm-cs:~# fdisk -l
Disk /dev/sda: 9,1 TiB, 10000831348736 bytes, 19532873728 sectors
Units: sectors of 1 * 512 = 512 bytes
Sector size (logical/physical): 512 bytes / 4096 bytes
I/O size (minimum/optimal): 4096 bytes / 4096 bytes
Disklabel type: gpt
Disk identifier: 6B3A7199-3A82-4341-8AF0-86B38393812F

Device           Start         End     Sectors  Size Type
/dev/sda1         2048        4095        2048    1M BIOS boot
/dev/sda2         4096 19465971711 19465967616  9,1T Linux RAID
/dev/sda3  19465971712 19532871679    66899968 31,9G Linux RAID


Disk /dev/sdb: 9,1 TiB, 10000831348736 bytes, 19532873728 sectors
Units: sectors of 1 * 512 = 512 bytes
Sector size (logical/physical): 512 bytes / 4096 bytes
I/O size (minimum/optimal): 4096 bytes / 4096 bytes
Disklabel type: gpt
Disk identifier: B11BA463-5974-4139-84F8-CCF4CF81C534

Device           Start         End     Sectors  Size Type
/dev/sdb1         2048        4095        2048    1M BIOS boot
/dev/sdb2         4096 19465971711 19465967616  9,1T Linux RAID
/dev/sdb3  19465971712 19532871679    66899968 31,9G Linux RAID


Disk /dev/md1: 31,9 GiB, 34236006400 bytes, 66867200 sectors
Units: sectors of 1 * 512 = 512 bytes
Sector size (logical/physical): 512 bytes / 4096 bytes
I/O size (minimum/optimal): 4096 bytes / 4096 bytes


Disk /dev/md0: 9,1 TiB, 9966441201664 bytes, 19465705472 sectors
Units: sectors of 1 * 512 = 512 bytes
Sector size (logical/physical): 512 bytes / 4096 bytes
I/O size (minimum/optimal): 4096 bytes / 4096 bytes


Disk /dev/sdk: 9,1 TiB, 10000831348736 bytes, 19532873728 sectors
Units: sectors of 1 * 512 = 512 bytes
Sector size (logical/physical): 512 bytes / 4096 bytes
I/O size (minimum/optimal): 4096 bytes / 4096 bytes
Disklabel type: gpt
Disk identifier: CB8FB49D-8E92-43E2-8DD4-9CCA6E325A8C
