root@orvd-sorm-cs:~# gdisk /dev/sdk
GPT fdisk (gdisk) version 1.0.1

Warning: Partition table header claims that the size of partition table
entries is 0 bytes, but this program  supports only 128-byte entries.
Adjusting accordingly, but partition table may be garbage.
Warning: Partition table header claims that the size of partition table
entries is 4294967295 bytes, but this program  supports only 128-byte entries.
Adjusting accordingly, but partition table may be garbage.
Partition table scan:
  MBR: MBR only
  BSD: not present
  APM: not present
  GPT: not present


***************************************************************
Found invalid GPT and valid MBR; converting MBR to GPT format
in memory. THIS OPERATION IS POTENTIALLY DESTRUCTIVE! Exit by
typing 'q' if you don't want to convert your MBR partitions
to GPT format!
***************************************************************


Command (? for help): p
Disk /dev/sdk: 19532873728 sectors, 9.1 TiB
Logical sector size: 512 bytes
Disk identifier (GUID): 082A8D01-19C3-4719-9A27-00785F8751CA
Partition table holds up to 128 entries
First usable sector is 34, last usable sector is 19532873694
Partitions will be aligned on 2048-sector boundaries
Total free space is 15237908413 sectors (7.1 TiB)

Number  Start (sector)    End (sector)  Size       Code  Name
   1            2048         1126399   549.0 MiB   0700  Microsoft basic data
   2         1126400      4294967295   2.0 TiB     0700  Microsoft basic data

Command (? for help): d
Partition number (1-2): 1

Command (? for help): d
Using 2

Command (? for help): o
This option deletes all partitions and creates a new protective MBR.
Proceed? (Y/N): y

Command (? for help): w

Final checks complete. About to write GPT data. THIS WILL OVERWRITE EXISTING
PARTITIONS!!

Do you want to proceed? (Y/N): y
OK; writing new GUID partition table (GPT) to /dev/sdk.
The operation has completed successfully.
root@orvd-sorm-cs:~# fdisk -l | grep dev
Disk /dev/sda: 9,1 TiB, 10000831348736 bytes, 19532873728 sectors
/dev/sda1         2048        4095        2048    1M BIOS boot
/dev/sda2         4096 19465971711 19465967616  9,1T Linux RAID
/dev/sda3  19465971712 19532871679    66899968 31,9G Linux RAID
Disk /dev/sdb: 9,1 TiB, 10000831348736 bytes, 19532873728 sectors
/dev/sdb1         2048        4095        2048    1M BIOS boot
/dev/sdb2         4096 19465971711 19465967616  9,1T Linux RAID
/dev/sdb3  19465971712 19532871679    66899968 31,9G Linux RAID
Disk /dev/md1: 31,9 GiB, 34236006400 bytes, 66867200 sectors
Disk /dev/md0: 9,1 TiB, 9966441201664 bytes, 19465705472 sectors
Disk /dev/sdk: 9,1 TiB, 10000831348736 bytes, 19532873728 sectors
root@orvd-sorm-cs:~# fdisk -l
Disk /dev/sda: 9,1 TiB, 10000831348736 bytes, 19532873728 sectors
Units: sectors of 1 * 512 = 512 bytes
Sector size (logical/physical): 512 bytes / 4096 bytes
I/O size (minimum/optimal): 4096 bytes / 4096 bytes
Disklabel type: gpt
Disk identifier: 6B3A7199-3A82-4341-8AF0-86B38393812F

Device           Start         End     Sectors  Size Type
/dev/sda1         2048        4095        2048    1M BIOS boot
/dev/sda2         4096 19465971711 19465967616  9,1T Linux RAID
/dev/sda3  19465971712 19532871679    66899968 31,9G Linux RAID


Disk /dev/sdb: 9,1 TiB, 10000831348736 bytes, 19532873728 sectors
Units: sectors of 1 * 512 = 512 bytes
Sector size (logical/physical): 512 bytes / 4096 bytes
I/O size (minimum/optimal): 4096 bytes / 4096 bytes
Disklabel type: gpt
Disk identifier: B11BA463-5974-4139-84F8-CCF4CF81C534

Device           Start         End     Sectors  Size Type
/dev/sdb1         2048        4095        2048    1M BIOS boot
/dev/sdb2         4096 19465971711 19465967616  9,1T Linux RAID
/dev/sdb3  19465971712 19532871679    66899968 31,9G Linux RAID


Disk /dev/md1: 31,9 GiB, 34236006400 bytes, 66867200 sectors
Units: sectors of 1 * 512 = 512 bytes
Sector size (logical/physical): 512 bytes / 4096 bytes
I/O size (minimum/optimal): 4096 bytes / 4096 bytes


Disk /dev/md0: 9,1 TiB, 9966441201664 bytes, 19465705472 sectors
Units: sectors of 1 * 512 = 512 bytes
Sector size (logical/physical): 512 bytes / 4096 bytes
I/O size (minimum/optimal): 4096 bytes / 4096 bytes


Disk /dev/sdk: 9,1 TiB, 10000831348736 bytes, 19532873728 sectors
Units: sectors of 1 * 512 = 512 bytes
Sector size (logical/physical): 512 bytes / 4096 bytes
I/O size (minimum/optimal): 4096 bytes / 4096 bytes
Disklabel type: gpt
Disk identifier: CB8FB49D-8E92-43E2-8DD4-9CCA6E325A8C
